.next/dev/types/validator.ts(225,31): error TS2344: Type 'typeof import("C:/Users/saisu/OneDrive/Desktop/AGMR OG/Codewick/src/app/api/admin/disputes/[id]/override/route")' does not satisfy the constraint 'RouteHandlerConfig<"/api/admin/disputes/[id]/override">'.
  Types of property 'POST' are incompatible.
    Type '(request: Request, { params }: { params: { id: string; }; }) => Promise<NextResponse<{ success: boolean; dispute: any; }> | NextResponse<{ error: any; }>>' is not assignable to type '(request: NextRequest, context: { params: Promise<{ id: string; }>; }) => void | Response | Promise<void | Response>'.
      Types of parameters '__1' and 'context' are incompatible.
        Type '{ params: Promise<{ id: string; }>; }' is not assignable to type '{ params: { id: string; }; }'.
          Types of property 'params' are incompatible.
            Property 'id' is missing in type 'Promise<{ id: string; }>' but required in type '{ id: string; }'.
.next/dev/types/validator.ts(261,31): error TS2344: Type 'typeof import("C:/Users/saisu/OneDrive/Desktop/AGMR OG/Codewick/src/app/api/admin/users/[id]/ban/route")' does not satisfy the constraint 'RouteHandlerConfig<"/api/admin/users/[id]/ban">'.
  Types of property 'POST' are incompatible.
    Type '(request: Request, { params }: { params: { id: string; }; }) => Promise<NextResponse<{ success: boolean; user: any; }> | NextResponse<{ error: any; }>>' is not assignable to type '(request: NextRequest, context: { params: Promise<{ id: string; }>; }) => void | Response | Promise<void | Response>'.
      Types of parameters '__1' and 'context' are incompatible.
        Type '{ params: Promise<{ id: string; }>; }' is not assignable to type '{ params: { id: string; }; }'.
          Types of property 'params' are incompatible.
            Property 'id' is missing in type 'Promise<{ id: string; }>' but required in type '{ id: string; }'.
.next/dev/types/validator.ts(270,31): error TS2344: Type 'typeof import("C:/Users/saisu/OneDrive/Desktop/AGMR OG/Codewick/src/app/api/admin/users/[id]/mint/route")' does not satisfy the constraint 'RouteHandlerConfig<"/api/admin/users/[id]/mint">'.
  Types of property 'POST' are incompatible.
    Type '(request: Request, { params }: { params: { id: string; }; }) => Promise<NextResponse<{ success: boolean; user: any; }> | NextResponse<{ error: any; }>>' is not assignable to type '(request: NextRequest, context: { params: Promise<{ id: string; }>; }) => void | Response | Promise<void | Response>'.
      Types of parameters '__1' and 'context' are incompatible.
        Type '{ params: Promise<{ id: string; }>; }' is not assignable to type '{ params: { id: string; }; }'.
          Types of property 'params' are incompatible.
            Property 'id' is missing in type 'Promise<{ id: string; }>' but required in type '{ id: string; }'.
.next/dev/types/validator.ts(297,31): error TS2344: Type 'typeof import("C:/Users/saisu/OneDrive/Desktop/AGMR OG/Codewick/src/app/api/community/questions/[id]/answers/route")' does not satisfy the constraint 'RouteHandlerConfig<"/api/community/questions/[id]/answers">'.
  Types of property 'POST' are incompatible.
    Type '(request: Request, { params }: { params: { id: string; }; }) => Promise<NextResponse<{ success: boolean; question: any; }> | NextResponse<{ error: any; }>>' is not assignable to type '(request: NextRequest, context: { params: Promise<{ id: string; }>; }) => void | Response | Promise<void | Response>'.
      Types of parameters '__1' and 'context' are incompatible.
        Type '{ params: Promise<{ id: string; }>; }' is not assignable to type '{ params: { id: string; }; }'.
          Types of property 'params' are incompatible.
            Property 'id' is missing in type 'Promise<{ id: string; }>' but required in type '{ id: string; }'.
.next/dev/types/validator.ts(306,31): error TS2344: Type 'typeof import("C:/Users/saisu/OneDrive/Desktop/AGMR OG/Codewick/src/app/api/community/questions/[id]/resolve/route")' does not satisfy the constraint 'RouteHandlerConfig<"/api/community/questions/[id]/resolve">'.
  Types of property 'POST' are incompatible.
    Type '(request: Request, { params }: { params: { id: string; }; }) => Promise<NextResponse<{ success: boolean; question: any; }> | NextResponse<{ error: any; }>>' is not assignable to type '(request: NextRequest, context: { params: Promise<{ id: string; }>; }) => void | Response | Promise<void | Response>'.
      Types of parameters '__1' and 'context' are incompatible.
        Type '{ params: Promise<{ id: string; }>; }' is not assignable to type '{ params: { id: string; }; }'.
          Types of property 'params' are incompatible.
            Property 'id' is missing in type 'Promise<{ id: string; }>' but required in type '{ id: string; }'.
.next/dev/types/validator.ts(315,31): error TS2344: Type 'typeof import("C:/Users/saisu/OneDrive/Desktop/AGMR OG/Codewick/src/app/api/community/questions/[id]/route")' does not satisfy the constraint 'RouteHandlerConfig<"/api/community/questions/[id]">'.
  Types of property 'GET' are incompatible.
    Type '(request: Request, { params }: { params: { id: string; }; }) => Promise<NextResponse<any>>' is not assignable to type '(request: NextRequest, context: { params: Promise<{ id: string; }>; }) => void | Response | Promise<void | Response>'.
      Types of parameters '__1' and 'context' are incompatible.
        Type '{ params: Promise<{ id: string; }>; }' is not assignable to type '{ params: { id: string; }; }'.
          Types of property 'params' are incompatible.
            Property 'id' is missing in type 'Promise<{ id: string; }>' but required in type '{ id: string; }'.
.next/types/validator.ts(225,31): error TS2344: Type 'typeof import("C:/Users/saisu/OneDrive/Desktop/AGMR OG/Codewick/src/app/api/admin/disputes/[id]/override/route")' does not satisfy the constraint 'RouteHandlerConfig<"/api/admin/disputes/[id]/override">'.
  Types of property 'POST' are incompatible.
    Type '(request: Request, { params }: { params: { id: string; }; }) => Promise<NextResponse<{ success: boolean; dispute: any; }> | NextResponse<{ error: any; }>>' is not assignable to type '(request: NextRequest, context: { params: Promise<{ id: string; }>; }) => void | Response | Promise<void | Response>'.
      Types of parameters '__1' and 'context' are incompatible.
        Type '{ params: Promise<{ id: string; }>; }' is not assignable to type '{ params: { id: string; }; }'.
          Types of property 'params' are incompatible.
            Property 'id' is missing in type 'Promise<{ id: string; }>' but required in type '{ id: string; }'.
.next/types/validator.ts(261,31): error TS2344: Type 'typeof import("C:/Users/saisu/OneDrive/Desktop/AGMR OG/Codewick/src/app/api/admin/users/[id]/ban/route")' does not satisfy the constraint 'RouteHandlerConfig<"/api/admin/users/[id]/ban">'.
  Types of property 'POST' are incompatible.
    Type '(request: Request, { params }: { params: { id: string; }; }) => Promise<NextResponse<{ success: boolean; user: any; }> | NextResponse<{ error: any; }>>' is not assignable to type '(request: NextRequest, context: { params: Promise<{ id: string; }>; }) => void | Response | Promise<void | Response>'.
      Types of parameters '__1' and 'context' are incompatible.
        Type '{ params: Promise<{ id: string; }>; }' is not assignable to type '{ params: { id: string; }; }'.
          Types of property 'params' are incompatible.
            Property 'id' is missing in type 'Promise<{ id: string; }>' but required in type '{ id: string; }'.
.next/types/validator.ts(270,31): error TS2344: Type 'typeof import("C:/Users/saisu/OneDrive/Desktop/AGMR OG/Codewick/src/app/api/admin/users/[id]/mint/route")' does not satisfy the constraint 'RouteHandlerConfig<"/api/admin/users/[id]/mint">'.
  Types of property 'POST' are incompatible.
    Type '(request: Request, { params }: { params: { id: string; }; }) => Promise<NextResponse<{ success: boolean; user: any; }> | NextResponse<{ error: any; }>>' is not assignable to type '(request: NextRequest, context: { params: Promise<{ id: string; }>; }) => void | Response | Promise<void | Response>'.
      Types of parameters '__1' and 'context' are incompatible.
        Type '{ params: Promise<{ id: string; }>; }' is not assignable to type '{ params: { id: string; }; }'.
          Types of property 'params' are incompatible.
            Property 'id' is missing in type 'Promise<{ id: string; }>' but required in type '{ id: string; }'.
.next/types/validator.ts(297,31): error TS2344: Type 'typeof import("C:/Users/saisu/OneDrive/Desktop/AGMR OG/Codewick/src/app/api/community/questions/[id]/answers/route")' does not satisfy the constraint 'RouteHandlerConfig<"/api/community/questions/[id]/answers">'.
  Types of property 'POST' are incompatible.
    Type '(request: Request, { params }: { params: { id: string; }; }) => Promise<NextResponse<{ success: boolean; question: any; }> | NextResponse<{ error: any; }>>' is not assignable to type '(request: NextRequest, context: { params: Promise<{ id: string; }>; }) => void | Response | Promise<void | Response>'.
      Types of parameters '__1' and 'context' are incompatible.
        Type '{ params: Promise<{ id: string; }>; }' is not assignable to type '{ params: { id: string; }; }'.
          Types of property 'params' are incompatible.
            Property 'id' is missing in type 'Promise<{ id: string; }>' but required in type '{ id: string; }'.
.next/types/validator.ts(306,31): error TS2344: Type 'typeof import("C:/Users/saisu/OneDrive/Desktop/AGMR OG/Codewick/src/app/api/community/questions/[id]/resolve/route")' does not satisfy the constraint 'RouteHandlerConfig<"/api/community/questions/[id]/resolve">'.
  Types of property 'POST' are incompatible.
    Type '(request: Request, { params }: { params: { id: string; }; }) => Promise<NextResponse<{ success: boolean; question: any; }> | NextResponse<{ error: any; }>>' is not assignable to type '(request: NextRequest, context: { params: Promise<{ id: string; }>; }) => void | Response | Promise<void | Response>'.
      Types of parameters '__1' and 'context' are incompatible.
        Type '{ params: Promise<{ id: string; }>; }' is not assignable to type '{ params: { id: string; }; }'.
          Types of property 'params' are incompatible.
            Property 'id' is missing in type 'Promise<{ id: string; }>' but required in type '{ id: string; }'.
.next/types/validator.ts(315,31): error TS2344: Type 'typeof import("C:/Users/saisu/OneDrive/Desktop/AGMR OG/Codewick/src/app/api/community/questions/[id]/route")' does not satisfy the constraint 'RouteHandlerConfig<"/api/community/questions/[id]">'.
  Types of property 'GET' are incompatible.
    Type '(request: Request, { params }: { params: { id: string; }; }) => Promise<NextResponse<any>>' is not assignable to type '(request: NextRequest, context: { params: Promise<{ id: string; }>; }) => void | Response | Promise<void | Response>'.
      Types of parameters '__1' and 'context' are incompatible.
        Type '{ params: Promise<{ id: string; }>; }' is not assignable to type '{ params: { id: string; }; }'.
          Types of property 'params' are incompatible.
            Property 'id' is missing in type 'Promise<{ id: string; }>' but required in type '{ id: string; }'.
next.config.ts(18,3): error TS2353: Object literal may only specify known properties, and 'eslint' does not exist in type 'NextConfig'.
src/app/api/marketplace/matches/route.ts(55,10): error TS7006: Parameter 'pattern' implicitly has an 'any' type.
src/app/api/marketplace/matches/route.ts(64,10): error TS7006: Parameter 'pattern' implicitly has an 'any' type.
src/app/dashboard/host/page.tsx(95,21): error TS2322: Type '{ hidden: { y: number; opacity: number; }; visible: { y: number; opacity: number; transition: { type: string; stiffness: number; damping: number; }; }; }' is not assignable to type 'Variants'.
  Property 'visible' is incompatible with index signature.
    Type '{ y: number; opacity: number; transition: { type: string; stiffness: number; damping: number; }; }' is not assignable to type 'Variant'.
      Type '{ y: number; opacity: number; transition: { type: string; stiffness: number; damping: number; }; }' is not assignable to type 'TargetAndTransition'.
        Type '{ y: number; opacity: number; transition: { type: string; stiffness: number; damping: number; }; }' is not assignable to type '{ transition?: Transition<any> | undefined; transitionEnd?: ResolvedValues$1 | undefined; }'.
          Types of property 'transition' are incompatible.
            Type '{ type: string; stiffness: number; damping: number; }' is not assignable to type 'Transition<any> | undefined'.
              Type '{ type: string; stiffness: number; damping: number; }' is not assignable to type 'TransitionWithValueOverrides<any>'.
                Type '{ type: string; stiffness: number; damping: number; }' is not assignable to type 'ValueAnimationTransition<any>'.
                  Types of property 'type' are incompatible.
                    Type 'string' is not assignable to type 'AnimationGeneratorType | undefined'.
src/app/dashboard/host/page.tsx(137,24): error TS2322: Type '{ hidden: { y: number; opacity: number; }; visible: { y: number; opacity: number; transition: { type: string; stiffness: number; damping: number; }; }; }' is not assignable to type 'Variants'.
  Property 'visible' is incompatible with index signature.
    Type '{ y: number; opacity: number; transition: { type: string; stiffness: number; damping: number; }; }' is not assignable to type 'Variant'.
      Type '{ y: number; opacity: number; transition: { type: string; stiffness: number; damping: number; }; }' is not assignable to type 'TargetAndTransition'.
        Type '{ y: number; opacity: number; transition: { type: string; stiffness: number; damping: number; }; }' is not assignable to type '{ transition?: Transition<any> | undefined; transitionEnd?: ResolvedValues$1 | undefined; }'.
          Types of property 'transition' are incompatible.
            Type '{ type: string; stiffness: number; damping: number; }' is not assignable to type 'Transition<any> | undefined'.
              Type '{ type: string; stiffness: number; damping: number; }' is not assignable to type 'TransitionWithValueOverrides<any>'.
                Type '{ type: string; stiffness: number; damping: number; }' is not assignable to type 'ValueAnimationTransition<any>'.
                  Types of property 'type' are incompatible.
                    Type 'string' is not assignable to type 'AnimationGeneratorType | undefined'.
src/app/dashboard/host/page.tsx(204,25): error TS2322: Type '{ hidden: { y: number; opacity: number; }; visible: { y: number; opacity: number; transition: { type: string; stiffness: number; damping: number; }; }; }' is not assignable to type 'Variants'.
  Property 'visible' is incompatible with index signature.
    Type '{ y: number; opacity: number; transition: { type: string; stiffness: number; damping: number; }; }' is not assignable to type 'Variant'.
      Type '{ y: number; opacity: number; transition: { type: string; stiffness: number; damping: number; }; }' is not assignable to type 'TargetAndTransition'.
        Type '{ y: number; opacity: number; transition: { type: string; stiffness: number; damping: number; }; }' is not assignable to type '{ transition?: Transition<any> | undefined; transitionEnd?: ResolvedValues$1 | undefined; }'.
          Types of property 'transition' are incompatible.
            Type '{ type: string; stiffness: number; damping: number; }' is not assignable to type 'Transition<any> | undefined'.
              Type '{ type: string; stiffness: number; damping: number; }' is not assignable to type 'TransitionWithValueOverrides<any>'.
                Type '{ type: string; stiffness: number; damping: number; }' is not assignable to type 'ValueAnimationTransition<any>'.
                  Types of property 'type' are incompatible.
                    Type 'string' is not assignable to type 'AnimationGeneratorType | undefined'.
src/app/dashboard/host/page.tsx(225,25): error TS2322: Type '{ hidden: { y: number; opacity: number; }; visible: { y: number; opacity: number; transition: { type: string; stiffness: number; damping: number; }; }; }' is not assignable to type 'Variants'.
  Property 'visible' is incompatible with index signature.
    Type '{ y: number; opacity: number; transition: { type: string; stiffness: number; damping: number; }; }' is not assignable to type 'Variant'.
      Type '{ y: number; opacity: number; transition: { type: string; stiffness: number; damping: number; }; }' is not assignable to type 'TargetAndTransition'.
        Type '{ y: number; opacity: number; transition: { type: string; stiffness: number; damping: number; }; }' is not assignable to type '{ transition?: Transition<any> | undefined; transitionEnd?: ResolvedValues$1 | undefined; }'.
          Types of property 'transition' are incompatible.
            Type '{ type: string; stiffness: number; damping: number; }' is not assignable to type 'Transition<any> | undefined'.
              Type '{ type: string; stiffness: number; damping: number; }' is not assignable to type 'TransitionWithValueOverrides<any>'.
                Type '{ type: string; stiffness: number; damping: number; }' is not assignable to type 'ValueAnimationTransition<any>'.
                  Types of property 'type' are incompatible.
                    Type 'string' is not assignable to type 'AnimationGeneratorType | undefined'.
src/app/dashboard/marketplace/page.tsx(137,19): error TS2322: Type '{ hidden: { y: number; opacity: number; scale: number; }; visible: { y: number; opacity: number; scale: number; transition: { type: string; stiffness: number; damping: number; mass: number; }; }; }' is not assignable to type 'Variants'.
  Property 'visible' is incompatible with index signature.
    Type '{ y: number; opacity: number; scale: number; transition: { type: string; stiffness: number; damping: number; mass: number; }; }' is not assignable to type 'Variant'.
      Type '{ y: number; opacity: number; scale: number; transition: { type: string; stiffness: number; damping: number; mass: number; }; }' is not assignable to type 'TargetAndTransition'.
        Type '{ y: number; opacity: number; scale: number; transition: { type: string; stiffness: number; damping: number; mass: number; }; }' is not assignable to type '{ transition?: Transition<any> | undefined; transitionEnd?: ResolvedValues$1 | undefined; }'.
          Types of property 'transition' are incompatible.
            Type '{ type: string; stiffness: number; damping: number; mass: number; }' is not assignable to type 'Transition<any> | undefined'.
              Type '{ type: string; stiffness: number; damping: number; mass: number; }' is not assignable to type 'TransitionWithValueOverrides<any>'.
                Type '{ type: string; stiffness: number; damping: number; mass: number; }' is not assignable to type 'ValueAnimationTransition<any>'.
                  Types of property 'type' are incompatible.
                    Type 'string' is not assignable to type 'AnimationGeneratorType | undefined'.
src/app/dashboard/marketplace/page.tsx(167,19): error TS2322: Type '{ hidden: { y: number; opacity: number; scale: number; }; visible: { y: number; opacity: number; scale: number; transition: { type: string; stiffness: number; damping: number; mass: number; }; }; }' is not assignable to type 'Variants'.
  Property 'visible' is incompatible with index signature.
    Type '{ y: number; opacity: number; scale: number; transition: { type: string; stiffness: number; damping: number; mass: number; }; }' is not assignable to type 'Variant'.
      Type '{ y: number; opacity: number; scale: number; transition: { type: string; stiffness: number; damping: number; mass: number; }; }' is not assignable to type 'TargetAndTransition'.
        Type '{ y: number; opacity: number; scale: number; transition: { type: string; stiffness: number; damping: number; mass: number; }; }' is not assignable to type '{ transition?: Transition<any> | undefined; transitionEnd?: ResolvedValues$1 | undefined; }'.
          Types of property 'transition' are incompatible.
            Type '{ type: string; stiffness: number; damping: number; mass: number; }' is not assignable to type 'Transition<any> | undefined'.
              Type '{ type: string; stiffness: number; damping: number; mass: number; }' is not assignable to type 'TransitionWithValueOverrides<any>'.
                Type '{ type: string; stiffness: number; damping: number; mass: number; }' is not assignable to type 'ValueAnimationTransition<any>'.
                  Types of property 'type' are incompatible.
                    Type 'string' is not assignable to type 'AnimationGeneratorType | undefined'.
src/app/dashboard/marketplace/page.tsx(205,17): error TS2322: Type '{ hidden: { y: number; opacity: number; scale: number; }; visible: { y: number; opacity: number; scale: number; transition: { type: string; stiffness: number; damping: number; mass: number; }; }; }' is not assignable to type 'Variants'.
  Property 'visible' is incompatible with index signature.
    Type '{ y: number; opacity: number; scale: number; transition: { type: string; stiffness: number; damping: number; mass: number; }; }' is not assignable to type 'Variant'.
      Type '{ y: number; opacity: number; scale: number; transition: { type: string; stiffness: number; damping: number; mass: number; }; }' is not assignable to type 'TargetAndTransition'.
        Type '{ y: number; opacity: number; scale: number; transition: { type: string; stiffness: number; damping: number; mass: number; }; }' is not assignable to type '{ transition?: Transition<any> | undefined; transitionEnd?: ResolvedValues$1 | undefined; }'.
          Types of property 'transition' are incompatible.
            Type '{ type: string; stiffness: number; damping: number; mass: number; }' is not assignable to type 'Transition<any> | undefined'.
              Type '{ type: string; stiffness: number; damping: number; mass: number; }' is not assignable to type 'TransitionWithValueOverrides<any>'.
                Type '{ type: string; stiffness: number; damping: number; mass: number; }' is not assignable to type 'ValueAnimationTransition<any>'.
                  Types of property 'type' are incompatible.
                    Type 'string' is not assignable to type 'AnimationGeneratorType | undefined'.
src/lib/db.ts(36,39): error TS2345: Argument of type 'string | undefined' is not assignable to parameter of type 'string'.
  Type 'undefined' is not assignable to type 'string'.
